\BOOKMARK [1][-]{aufgabe.1}{\376\377\000A\000u\000f\000g\000a\000b\000e\000n\000s\000t\000e\000l\000l\000u\000n\000g}{}% 1
\BOOKMARK [1][-]{versicherung.1}{\376\377\000E\000i\000d\000e\000s\000s\000t\000a\000t\000t\000l\000i\000c\000h\000e\000\040\000V\000e\000r\000s\000i\000c\000h\000e\000r\000u\000n\000g}{}% 2
\BOOKMARK [1][-]{einverständniserklärung.1}{\376\377\000E\000i\000n\000v\000e\000r\000s\000t\000\344\000n\000d\000n\000i\000s\000e\000r\000k\000l\000\344\000r\000u\000n\000g}{}% 3
\BOOKMARK [1][-]{declaration-generative-ai.1}{\376\377\000D\000e\000c\000l\000a\000r\000a\000t\000i\000o\000n\000\040\000o\000f\000\040\000G\000e\000n\000e\000r\000a\000t\000i\000v\000e\000\040\000A\000I}{}% 4
\BOOKMARK [1][-]{kurzfassung.1}{\376\377\000K\000u\000r\000z\000f\000a\000s\000s\000u\000n\000g}{}% 5
\BOOKMARK [1][-]{toc.1}{\376\377\000I\000n\000h\000a\000l\000t\000s\000v\000e\000r\000z\000e\000i\000c\000h\000n\000i\000s}{}% 6
\BOOKMARK [0][-]{chapter.1}{\376\377\000E\000i\000n\000l\000e\000i\000t\000u\000n\000g}{}% 7
\BOOKMARK [1][-]{section.1.1}{\376\377\000M\000o\000t\000i\000v\000a\000t\000i\000o\000n}{chapter.1}% 8
\BOOKMARK [1][-]{section.1.2}{\376\377\000P\000r\000o\000b\000l\000e\000m\000s\000t\000e\000l\000l\000u\000n\000g\000\040\000\046\000\040\000Z\000i\000e\000l\000e}{chapter.1}% 9
\BOOKMARK [1][-]{section.1.3}{\376\377\000A\000u\000f\000b\000a\000u\000\040\000d\000e\000r\000\040\000T\000h\000e\000s\000i\000s}{chapter.1}% 10
\BOOKMARK [1][-]{section.1.4}{\376\377\000N\000o\000t\000a\000t\000i\000o\000n}{chapter.1}% 11
\BOOKMARK [0][-]{chapter.2}{\376\377\000G\000r\000u\000n\000d\000l\000a\000g\000e\000n}{}% 12
\BOOKMARK [1][-]{section.2.1}{\376\377\000V\000e\000r\000w\000e\000n\000d\000e\000t\000e\000\040\000P\000r\000o\000t\000o\000k\000o\000l\000l\000e}{chapter.2}% 13
\BOOKMARK [2][-]{subsection.2.1.1}{\376\377\000I\000\263\000C}{section.2.1}% 14
\BOOKMARK [2][-]{subsection.2.1.2}{\376\377\000B\000U\000W\000\040\0004\000.\0000}{section.2.1}% 15
\BOOKMARK [2][-]{subsection.2.1.3}{\376\377\000H\000T\000M\000L}{section.2.1}% 16
\BOOKMARK [1][-]{section.2.2}{\376\377\000E\000l\000e\000k\000t\000r\000o\000t\000e\000c\000h\000n\000i\000k}{chapter.2}% 17
\BOOKMARK [2][-]{subsection.2.2.1}{\376\377\000R\000i\000c\000h\000t\000u\000n\000g\000s\000a\000b\000h\000\344\000n\000g\000i\000g\000k\000e\000i\000t\000\040\000v\000o\000n\000\040\000p\000a\000s\000s\000i\000v\000e\000n\000\040\000B\000a\000u\000t\000e\000i\000l\000e\000n}{section.2.2}% 18
\BOOKMARK [2][-]{subsection.2.2.2}{\376\377\000N\000e\000u\000l\000i\000n\000g\000s\000c\000h\000e\000\040\040\036\000G\000e\000h\000t\000\040\000o\000h\000n\000e\000\040\000K\000o\000n\000d\000e\000n\000s\000a\000t\000o\000r\040\034\000-\000V\000e\000r\000m\000u\000t\000u\000n\000g}{section.2.2}% 19
\BOOKMARK [2][-]{subsection.2.2.3}{\376\377\000L\000i\000q\000u\000i\000d\000\040\000C\000r\000y\000s\000t\000a\000l\000\040\000L\000C\000D\000-\000D\000i\000s\000p\000l\000a\000y\000s}{section.2.2}% 20
\BOOKMARK [1][-]{section.2.3}{\376\377\000M\000a\000t\000h\000e\000m\000a\000t\000i\000k}{chapter.2}% 21
\BOOKMARK [2][-]{subsection.2.3.1}{\376\377\000N\000u\000m\000e\000r\000i\000s\000c\000h\000e\000\040\000E\000v\000a\000l\000u\000a\000t\000i\000o\000n\000\040\000d\000e\000r\000\040\000D\000i\000v\000i\000s\000i\000o\000n\000\040\000d\000u\000r\000c\000h\000\040\000N\000u\000l\000l}{section.2.3}% 22
\BOOKMARK [2][-]{subsection.2.3.2}{\376\377\000D\000i\000e\000\040\000g\000a\000n\000z\000v\000e\000r\000w\000u\000r\000s\000c\000h\000t\000e\000l\000t\000e\000\040\000I\000n\000v\000e\000r\000s\000-\000T\000r\000a\000n\000s\000f\000o\000r\000m\000a\000t\000i\000o\000n}{section.2.3}% 23
\BOOKMARK [2][-]{subsection.2.3.3}{\376\377\000V\000\370\001\131\000w\000\346\000r\001\141\000\351\000\040\001\066\000\357\000\361\001\031\000m\000\345\001\143\000i\001\067}{section.2.3}% 24
\BOOKMARK [1][-]{section.2.4}{\376\377\000W\000i\000r\000t\000s\000c\000h\000a\000f\000t}{chapter.2}% 25
\BOOKMARK [2][-]{subsection.2.4.1}{\376\377\000D\000i\000e\000\040\000E\000r\000w\000e\000r\000b\000s\000r\000e\000g\000e\000l\000n\000\040\000d\000e\000r\000\040\000F\000e\000r\000e\000n\000g\000i\000-\000A\000l\000l\000i\000a\000n\000z}{section.2.4}% 26
\BOOKMARK [2][-]{subsection.2.4.2}{\376\377\000T\000o\000i\000l\000e\000t\000t\000e\000n\000p\000a\000p\000i\000e\000r\000\040\040\023\000\040\000K\000r\000i\000s\000e\000n\000s\000i\000c\000h\000e\000r\000e\000\040\000G\000e\000l\000d\000a\000n\000l\000a\000g\000e\000?}{section.2.4}% 27
\BOOKMARK [2][-]{subsection.2.4.3}{\376\377\000K\000o\000s\000t\000e\000n\000e\000v\000a\000l\000u\000a\000t\000i\000o\000n\000\040\000a\000u\000s\000f\000\374\000h\000r\000l\000i\000c\000h\000\040\000s\000c\000h\000w\000a\000f\000e\000l\000n\000d\000e\000r\000\040\000u\000n\000d\000\040\000a\000u\000s\000\040\000d\000e\000m\000\040\000s\000o\000e\000b\000e\000n\000\040\000g\000e\000n\000a\000n\000n\000t\000e\000n\000\040\000G\000r\000u\000n\000d\000e\000\040\000v\000\366\000l\000l\000i\000g\000\040\000\374\000b\000e\000r\000t\000r\000i\000e\000b\000e\000n\000\040\000l\000a\000n\000g\000e\000r\000\040\000A\000b\000s\000c\000h\000n\000i\000t\000t\000s\000\374\000b\000e\000r\000s\000c\000h\000r\000i\000f\000t\000e\000n\000\040\000i\000n\000\040\000T\000e\000x\000t\000d\000o\000k\000u\000m\000e\000n\000t\000e\000n}{section.2.4}% 28
\BOOKMARK [0][-]{chapter.3}{\376\377\000E\000n\000t\000w\000u\000r\000f}{}% 29
\BOOKMARK [1][-]{section.3.1}{\376\377\000t\000i\000t\000l\000e}{chapter.3}% 30
\BOOKMARK [2][-]{subsection.3.1.1}{\376\377\000t\000i\000t\000l\000e}{section.3.1}% 31
\BOOKMARK [2][-]{subsection.3.1.2}{\376\377\000t\000i\000t\000l\000e}{section.3.1}% 32
\BOOKMARK [1][-]{section.3.2}{\376\377\000t\000i\000t\000l\000e}{chapter.3}% 33
\BOOKMARK [2][-]{subsection.3.2.1}{\376\377\000t\000i\000t\000l\000e}{section.3.2}% 34
\BOOKMARK [2][-]{subsection.3.2.2}{\376\377\000t\000i\000t\000l\000e}{section.3.2}% 35
\BOOKMARK [0][-]{chapter.4}{\376\377\000R\000e\000a\000l\000i\000s\000i\000e\000r\000u\000n\000g}{}% 36
\BOOKMARK [1][-]{section.4.1}{\376\377\000t\000i\000t\000l\000e}{chapter.4}% 37
\BOOKMARK [1][-]{section.4.2}{\376\377\000t\000i\000t\000l\000e}{chapter.4}% 38
\BOOKMARK [2][-]{subsection.4.2.1}{\376\377\000t\000i\000t\000l\000e}{section.4.2}% 39
\BOOKMARK [2][-]{subsection.4.2.2}{\376\377\000t\000i\000t\000l\000e}{section.4.2}% 40
\BOOKMARK [0][-]{chapter.5}{\376\377\000A\000n\000a\000l\000y\000s\000e}{}% 41
\BOOKMARK [1][-]{section.5.1}{\376\377\000t\000i\000t\000l\000e}{chapter.5}% 42
\BOOKMARK [1][-]{section.5.2}{\376\377\000t\000i\000t\000l\000e}{chapter.5}% 43
\BOOKMARK [0][-]{chapter.6}{\376\377\000S\000c\000h\000l\000u\000s\000s\000b\000e\000t\000r\000a\000c\000h\000t\000u\000n\000g\000e\000n}{}% 44
\BOOKMARK [1][-]{section.6.1}{\376\377\000F\000a\000z\000i\000t}{chapter.6}% 45
\BOOKMARK [1][-]{section.6.2}{\376\377\000A\000u\000s\000b\000l\000i\000c\000k}{chapter.6}% 46
\BOOKMARK [0][-]{section*.16}{\376\377\000A\000b\000b\000i\000l\000d\000u\000n\000g\000s\000v\000e\000r\000z\000e\000i\000c\000h\000n\000i\000s}{}% 47
\BOOKMARK [0][-]{section*.18}{\376\377\000Q\000u\000e\000l\000l\000c\000o\000d\000e\000v\000e\000r\000z\000e\000i\000c\000h\000n\000i\000s}{}% 48
\BOOKMARK [0][-]{section*.20}{\376\377\000T\000a\000b\000e\000l\000l\000e\000n\000v\000e\000r\000z\000e\000i\000c\000h\000n\000i\000s}{}% 49
\BOOKMARK [0][-]{section*.22}{\376\377\000S\000y\000m\000b\000o\000l\000e}{}% 50
\BOOKMARK [0][-]{section*.25}{\376\377\000A\000b\000k\000\374\000r\000z\000u\000n\000g\000e\000n}{}% 51
\BOOKMARK [0][-]{section*.28}{\376\377\000A\000k\000r\000o\000n\000y\000m\000e}{}% 52
\BOOKMARK [0][-]{section*.31}{\376\377\000G\000l\000o\000s\000s\000a\000r}{}% 53
\BOOKMARK [0][-]{section*.34}{\376\377\000L\000i\000t\000e\000r\000a\000t\000u\000r}{}% 54
\BOOKMARK [0][-]{section*.36}{\376\377\000W\000e\000i\000t\000e\000r\000f\000\374\000h\000r\000e\000n\000d\000e\000\040\000L\000i\000t\000e\000r\000a\000t\000u\000r}{}% 55
\BOOKMARK [0][-]{appendix.A}{\376\377\000S\000o\000u\000r\000c\000e\000c\000o\000d\000e}{}% 56
\BOOKMARK [0][-]{appendix.B}{\376\377\000F\000r\000a\000g\000e\000n\000\040\000u\000n\000d\000\040\000A\000n\000t\000w\000o\000r\000t\000e\000n\000\040\000\050\000F\000A\000Q\000s\000\051}{}% 57
\BOOKMARK [1][-]{section.B.1}{\376\377\000Z\000u\000\040\000d\000i\000e\000s\000e\000r\000\040\000V\000o\000r\000l\000a\000g\000e}{appendix.B}% 58
\BOOKMARK [2][-]{subsection.B.1.1}{\376\377\000W\000a\000s\000\040\000b\000r\000a\000u\000c\000h\000e\000\040\000i\000c\000h\000?}{section.B.1}% 59
\BOOKMARK [2][-]{subsection.B.1.2}{\376\377\000T\000i\000t\000e\000l\000b\000l\000a\000t\000t\000\040\000u\000n\000d\000\040\000E\000i\000n\000s\000t\000e\000l\000l\000u\000n\000g\000e\000n\000\040\000\344\000n\000d\000e\000r\000n}{section.B.1}% 60
\BOOKMARK [2][-]{subsection.B.1.3}{\376\377\000L\000i\000t\000e\000r\000a\000t\000u\000r\000/\000Q\000u\000e\000l\000l\000e\000n}{section.B.1}% 61
\BOOKMARK [2][-]{subsection.B.1.4}{\376\377\000G\000l\000o\000s\000s\000a\000r\000e\000i\000n\000t\000r\000\344\000g\000e\000,\000\040\000A\000b\000k\000\374\000r\000z\000u\000n\000g\000e\000n\000,\000\040\000A\000k\000r\000o\000n\000y\000m\000e}{section.B.1}% 62
\BOOKMARK [2][-]{subsection.B.1.5}{\376\377\000I\000m\000\040\000P\000D\000F\000\040\000s\000i\000n\000d\000\040\000a\000m\000\040\000A\000n\000f\000a\000n\000g\000\040\000m\000e\000h\000r\000e\000r\000e\000\040\000l\000e\000e\000r\000e\000\040\000S\000e\000i\000t\000e\000n}{section.B.1}% 63
\BOOKMARK [2][-]{subsection.B.1.6}{\376\377\000S\000e\000i\000t\000e\000n\000r\000\344\000n\000d\000e\000r\000\040\000s\000p\000r\000i\000n\000g\000e\000n\000\040\000h\000i\000n\000\040\000u\000n\000d\000\040\000h\000e\000r}{section.B.1}% 64
\BOOKMARK [2][-]{subsection.B.1.7}{\376\377\000S\000e\000i\000t\000e\000n\000z\000a\000h\000l\000e\000n\000\040\000s\000p\000r\000i\000n\000g\000e\000n\000\040\000h\000i\000n\000\040\000u\000n\000d\000\040\000h\000e\000r}{section.B.1}% 65
\BOOKMARK [2][-]{subsection.B.1.8}{\376\377\000D\000i\000e\000\040\000D\000r\000u\000c\000k\000e\000r\000e\000i\000\040\000z\000\344\000h\000l\000t\000\040\000S\000/\000W\000-\000S\000e\000i\000t\000e\000n\000\040\000a\000l\000s\000\040\000F\000a\000r\000b\000s\000e\000i\000t\000e\000n}{section.B.1}% 66
\BOOKMARK [1][-]{section.B.2}{\376\377\000Z\000u\000\040\000L\000a\000T\000e\000X\000\040\000a\000l\000l\000g\000e\000m\000e\000i\000n}{appendix.B}% 67
\BOOKMARK [2][-]{subsection.B.2.1}{\376\377\000A\000u\000s\000\040\000L\000a\000T\000e\000X\000\040\000w\000i\000r\000d\000\040\000e\000i\000n\000\040\000P\000D\000F}{section.B.2}% 68
\BOOKMARK [2][-]{subsection.B.2.2}{\376\377\000L\000a\000T\000e\000X\000\040\000k\000o\000m\000p\000i\000l\000i\000e\000r\000e\000n}{section.B.2}% 69
\BOOKMARK [2][-]{subsection.B.2.3}{\376\377\000L\000i\000t\000e\000r\000a\000t\000u\000r\000v\000e\000r\000z\000e\000i\000c\000h\000n\000i\000s\000\040\000k\000o\000m\000p\000i\000l\000i\000e\000r\000e\000n}{section.B.2}% 70
\BOOKMARK [2][-]{subsection.B.2.4}{\376\377\000Z\000w\000e\000i\000\040\000m\000a\000l\000\040\000k\000o\000m\000p\000i\000l\000i\000e\000r\000e\000n\000\040\000\050\000u\000n\000d\000\040\000w\000a\000r\000u\000m\000\051}{section.B.2}% 71
\BOOKMARK [2][-]{subsection.B.2.5}{\376\377\000F\000l\000o\000a\000t\000i\000n\000g\000-\000U\000m\000g\000e\000b\000u\000n\000g\000e\000n}{section.B.2}% 72
\BOOKMARK [2][-]{subsection.B.2.6}{\376\377\000L\000e\000e\000r\000z\000e\000i\000c\000h\000e\000n\000\040\000n\000a\000c\000h\000\040\000e\000i\000n\000e\000m\000\040\000B\000e\000f\000e\000h\000l\000\040\000f\000e\000h\000l\000t}{section.B.2}% 73
\BOOKMARK [0][-]{appendix.C}{\376\377\000L\000a\000T\000e\000X\000-\000B\000e\000i\000s\000p\000i\000e\000l\000e}{}% 74
\BOOKMARK [1][-]{section.C.1}{\376\377\000K\000a\000p\000i\000t\000e\000l\000,\000\040\000A\000b\000s\000c\000h\000n\000i\000t\000t\000e\000,\000\040\000P\000a\000r\000a\000g\000r\000a\000p\000h\000e\000n}{appendix.C}% 75
\BOOKMARK [2][-]{subsection.C.1.1}{\376\377\000S\000u\000b\000s\000e\000c\000t\000i\000o\000n}{section.C.1}% 76
\BOOKMARK [1][-]{section.C.2}{\376\377\000T\000e\000x\000t\000a\000u\000s\000z\000e\000i\000c\000h\000n\000u\000n\000g}{appendix.C}% 77
\BOOKMARK [1][-]{section.C.3}{\376\377\000F\000u\000\337\000n\000o\000t\000e\000n}{appendix.C}% 78
\BOOKMARK [1][-]{section.C.4}{\376\377\000Z\000i\000t\000a\000t\000e\000\040\000\046\000\040\000L\000i\000t\000e\000r\000a\000t\000u\000r\000a\000n\000g\000a\000b\000e\000n}{appendix.C}% 79
\BOOKMARK [2][-]{subsection.C.4.1}{\376\377\000Z\000i\000t\000i\000e\000r\000e\000n}{section.C.4}% 80
\BOOKMARK [2][-]{subsection.C.4.2}{\376\377\000L\000i\000t\000e\000r\000a\000t\000u\000r\000v\000e\000r\000z\000e\000i\000c\000h\000n\000i\000s}{section.C.4}% 81
\BOOKMARK [2][-]{subsection.C.4.3}{\376\377\000Z\000i\000t\000a\000t\000e\000\040\000i\000n\000\040\000L\000a\000T\000e\000X}{section.C.4}% 82
\BOOKMARK [1][-]{section.C.5}{\376\377\000Z\000a\000h\000l\000e\000n\000\040\000u\000n\000d\000\040\000F\000o\000r\000m\000e\000l\000n}{appendix.C}% 83
\BOOKMARK [2][-]{subsection.C.5.1}{\376\377\000Z\000a\000h\000l\000e\000n\000-\000/\000E\000i\000n\000h\000e\000i\000t\000e\000n\000d\000a\000r\000s\000t\000e\000l\000l\000u\000n\000g}{section.C.5}% 84
\BOOKMARK [2][-]{subsection.C.5.2}{\376\377\000F\000o\000r\000m\000e\000l\000n}{section.C.5}% 85
\BOOKMARK [2][-]{subsection.C.5.3}{\376\377\000G\000r\000i\000e\000c\000h\000i\000s\000c\000h\000e\000s\000\040\000A\000l\000p\000h\000a\000b\000e\000t}{section.C.5}% 86
\BOOKMARK [2][-]{subsection.C.5.4}{\376\377\000S\000o\000n\000s\000t\000i\000g\000e}{section.C.5}% 87
\BOOKMARK [1][-]{section.C.6}{\376\377\000A\000b\000b\000i\000l\000d\000u\000n\000g\000e\000n}{appendix.C}% 88
\BOOKMARK [1][-]{section.C.7}{\376\377\000T\000a\000b\000e\000l\000l\000e\000n}{appendix.C}% 89
\BOOKMARK [1][-]{section.C.8}{\376\377\000Q\000u\000e\000l\000l\000c\000o\000d\000e}{appendix.C}% 90
\BOOKMARK [1][-]{section.C.9}{\376\377\000L\000a\000b\000e\000l\000s\000\040\000\046\000\040\000R\000e\000f\000e\000r\000e\000n\000z\000e\000n}{appendix.C}% 91
\BOOKMARK [1][-]{section.C.10}{\376\377\000U\000R\000L\000s}{appendix.C}% 92
\BOOKMARK [1][-]{section.C.11}{\376\377\000G\000l\000o\000s\000s\000a\000r\000e\000i\000n\000t\000r\000\344\000g\000e\000\040\000\046\000\040\000S\000y\000m\000b\000o\000l\000e}{appendix.C}% 93
\BOOKMARK [2][-]{subsection.C.11.1}{\376\377\000G\000l\000o\000s\000s\000a\000r}{section.C.11}% 94
\BOOKMARK [2][-]{subsection.C.11.2}{\376\377\000S\000y\000m\000b\000o\000l\000e}{section.C.11}% 95
\BOOKMARK [1][-]{section.C.12}{\376\377\000T\000o\000d\000o\000s}{appendix.C}% 96
